// Jest Snapshot v1, https://goo.gl/fbAQLP

exports[`NotFound should render without crashing 1`] = `
<Fragment>
  <SEO
    article={false}
    banner={null}
    desc={null}
    pathname={null}
    title="Page Not Found"
  />
  <section
    className="not-found-page hero is-halfheight"
  >
    <div
      className="hero-body"
    >
      <div
        className="container has-text-centered"
      >
        <FancyHeading
          heading="Page Not Found"
        />
      </div>
    </div>
  </section>
  <section
    className="not-found-page section container hero is-halfheight"
  >
    <div
      className="columns content is-medium is-centered"
    >
      <div
        className="container has-text-centered"
      >
        <p
          className="title"
        >
          We did not find the page you asked for.
        </p>
        <p
          className="subtitle"
        >
          Please return to Inspiring Hope Church's 
          <mockConstructor
            className="is-primary"
            to="/"
          >
            home page
          </mockConstructor>
           
          and try again.
        </p>
      </div>
    </div>
  </section>
</Fragment>
`;
