// Jest Snapshot v1, https://goo.gl/fbAQLP

exports[`NotFound should render without crashing 1`] = `
<Fragment>
  <section
    className="not-found hero is-fullheight-with-navbar"
  >
    <div
      className="hero-body"
    >
      <div
        className="container has-text-centered"
      >
        <h1
          className="title is-1 not-found"
        >
          <img
            alt="Page not found html code "
            src="test-file-stub"
          />
        </h1>
        <p
          className="subtitle is-2 has-text-white"
        >
          We didn't find the page you asked for...
        </p>
        <p
          className="subtitle is-2 has-text-white"
        >
          Please go back to the
           
          <mockConstructor
            className="is-primary"
            to="/"
          >
            home page
          </mockConstructor>
           
          and try again.
        </p>
      </div>
    </div>
  </section>
</Fragment>
`;
