// Jest Snapshot v1, https://goo.gl/fbAQLP

exports[`Blog should render without crashing 1`] = `
<Fragment>
  <SEO
    article={false}
    banner={null}
    desc={null}
    pathname={null}
    title="Inspiring Moments"
  />
  <section
    className="hero is-halfheight"
  >
    <div
      className="hero-body"
    >
      <div
        className="container has-text-centered"
      >
        <FancyHeading
          heading="Inspiring Moments"
        />
      </div>
    </div>
  </section>
  <section
    className="box is-shadowless blog-content container"
  >
    <div
      className="columns is-multiline is-centered"
    >
      <BlogItem
        blogAuthor="Inspiring Hope Church"
        blogDate="01 June, 2020"
        blogExcerpt="The summer is off to a great start! Even though it is definitely different this
year, we have taken advantage of our state opening up some. We've made some more
connections by meeting more neighbors, talking and working with local pastors on
the same mission, and really trying to get involved in the community. Our parks
have opened back up so we've visited the playgrounds a couple of times. We are
planning on doing some community outreaches this next month by providing our
local community worker"
        blogImageObj={
          Object {
            "backgroundColor": "#080808",
            "height": 788.0000000000001,
            "images": Object {
              "fallback": Object {
                "sizes": "(min-width: 940px) 940px, 100vw",
                "src": "/static/0209a02eeede1cb3592918c9abd69fd3/65bd1/Add-a-little-bit-of-body-text.png",
                "srcSet": "/static/0209a02eeede1cb3592918c9abd69fd3/c1bf5/Add-a-little-bit-of-body-text.png 235w,
/static/0209a02eeede1cb3592918c9abd69fd3/dd1c7/Add-a-little-bit-of-body-text.png 470w,
/static/0209a02eeede1cb3592918c9abd69fd3/65bd1/Add-a-little-bit-of-body-text.png 940w",
              },
              "sources": Array [
                Object {
                  "sizes": "(min-width: 940px) 940px, 100vw",
                  "srcSet": "/static/0209a02eeede1cb3592918c9abd69fd3/60ae1/Add-a-little-bit-of-body-text.webp 235w,
/static/0209a02eeede1cb3592918c9abd69fd3/4fcad/Add-a-little-bit-of-body-text.webp 470w,
/static/0209a02eeede1cb3592918c9abd69fd3/dfb29/Add-a-little-bit-of-body-text.webp 940w",
                  "type": "image/webp",
                },
              ],
            },
            "layout": "constrained",
            "width": 940,
          }
        }
        blogLink="/blog/our-church-planting-journey-volume-6"
        blogReadingTime={2}
        blogTitle="Our Church Planting Journey: Volume 6"
        isFirstItem={true}
        key="Ghost__Post__5f4aba3168998602af191113"
        onBlogIndex={true}
      />
      <BlogItem
        blogAuthor="Inspiring Hope Church"
        blogDate="16 May, 2020"
        blogExcerpt="Update...
The last couple of months have been so different than we had expected them to
be. Even in the midst of different, we have found an overwhelming peace with
where God has us and what He is doing. We have clung to our faith and the things
we could control and we prayed and let go and let God work in the ways we
couldn’t. In April we celebrated Ben’s birthday by surprising him with a zoom
call with many of his friends to wish him a happy birthday. Thank you to all of
you who were able to b"
        blogImageObj={
          Object {
            "backgroundColor": "#080808",
            "height": 788.0000000000001,
            "images": Object {
              "fallback": Object {
                "sizes": "(min-width: 940px) 940px, 100vw",
                "src": "/static/0209a02eeede1cb3592918c9abd69fd3/65bd1/Add-a-little-bit-of-body-text.png",
                "srcSet": "/static/0209a02eeede1cb3592918c9abd69fd3/c1bf5/Add-a-little-bit-of-body-text.png 235w,
/static/0209a02eeede1cb3592918c9abd69fd3/dd1c7/Add-a-little-bit-of-body-text.png 470w,
/static/0209a02eeede1cb3592918c9abd69fd3/65bd1/Add-a-little-bit-of-body-text.png 940w",
              },
              "sources": Array [
                Object {
                  "sizes": "(min-width: 940px) 940px, 100vw",
                  "srcSet": "/static/0209a02eeede1cb3592918c9abd69fd3/60ae1/Add-a-little-bit-of-body-text.webp 235w,
/static/0209a02eeede1cb3592918c9abd69fd3/4fcad/Add-a-little-bit-of-body-text.webp 470w,
/static/0209a02eeede1cb3592918c9abd69fd3/dfb29/Add-a-little-bit-of-body-text.webp 940w",
                  "type": "image/webp",
                },
              ],
            },
            "layout": "constrained",
            "width": 940,
          }
        }
        blogLink="/blog/our-church-planting-journey-volume-5"
        blogReadingTime={3}
        blogTitle="Our Church Planting Journey: Volume 5"
        isFirstItem={false}
        key="Ghost__Post__5f4ab4bc68998602af1910dc"
        onBlogIndex={true}
      />
    </div>
  </section>
</Fragment>
`;
