// Jest Snapshot v1, https://goo.gl/fbAQLP

exports[`Accordion should render without crashing 1`] = `
<Accordion
  isExpanded={false}
  title="My Title"
>
  <h2
    className="accordion is-size-4 is-uppercase"
    id="mytitle"
  >
    <button
      aria-expanded="false"
      onClick={[Function]}
    >
      My Title
    </button>
  </h2>
  <div
    className="accordion-content"
    data-id="mytitle"
    style={Object {}}
  >
    Test content
  </div>
</Accordion>
`;
