// Jest Snapshot v1, https://goo.gl/fbAQLP

exports[`ContactForm should render without crashing 1`] = `
<div
  className="contact-form content"
>
  <FancyHeading
    className="has-text-centered"
    heading="Get in touch"
  />
  <div
    className="notification "
  >
    <button
      aria-label="remove notification"
      className="delete"
      onClick={[Function]}
    />
  </div>
  <form
    data-testid="contact-form"
    id="contact-form"
    method="post"
    onSubmit={[Function]}
  >
    <div
      className="field"
    >
      <div
        className=""
      >
        <div
          className="field"
        >
          <label
            className="label"
            htmlFor="fullName"
          >
            Name
          </label>
          <div
            className="control is-expanded has-icons-left"
          >
            <input
              className="input"
              data-testid="fullName"
              id="fullName"
              name="fullName"
              onChange={[Function]}
              placeholder="Full Name"
              required={true}
              type="text"
              value=""
            />
            <span
              className="icon is-left is-small"
            >
              <FontAwesomeIcon
                beat={false}
                beatFade={false}
                border={false}
                bounce={false}
                className=""
                fade={false}
                fixedWidth={false}
                flip={null}
                icon={
                  Array [
                    "fas",
                    "user",
                  ]
                }
                inverse={false}
                listItem={false}
                mask={null}
                maskId={null}
                pull={null}
                pulse={false}
                rotation={null}
                shake={false}
                size="1x"
                spin={false}
                swapOpacity={false}
                symbol={false}
                title=""
                titleId={null}
                transform={null}
              />
            </span>
          </div>
          <p
            className="help"
            id="fullNameError"
          >
             
          </p>
        </div>
        <div
          className="field"
        >
          <label
            className="label"
            htmlFor="email"
          >
            Email
          </label>
          <div
            className="control is-expanded has-icons-left"
          >
            <input
              className="input"
              data-testid="email"
              id="email"
              name="email"
              onChange={[Function]}
              placeholder="Email Address"
              required={true}
              type="email"
              value=""
            />
            <span
              className="icon is-left is-small"
            >
              <FontAwesomeIcon
                beat={false}
                beatFade={false}
                border={false}
                bounce={false}
                className=""
                fade={false}
                fixedWidth={false}
                flip={null}
                icon={
                  Array [
                    "fas",
                    "envelope",
                  ]
                }
                inverse={false}
                listItem={false}
                mask={null}
                maskId={null}
                pull={null}
                pulse={false}
                rotation={null}
                shake={false}
                size="1x"
                spin={false}
                swapOpacity={false}
                symbol={false}
                title=""
                titleId={null}
                transform={null}
              />
            </span>
          </div>
          <p
            className="help"
            id="emailError"
          >
             
          </p>
        </div>
      </div>
    </div>
    <div
      className="field"
    >
      <label
        className="label"
        htmlFor="messageSubject"
      >
        Subject
      </label>
      <div
        className="control has-icons-left"
      >
        <input
          className="input"
          data-testid="messageSubject"
          id="messageSubject"
          name="messageSubject"
          onChange={[Function]}
          placeholder="Email Subject Line"
          required={true}
          type="text"
          value=""
        />
        <span
          className="icon is-left is-small"
        >
          <FontAwesomeIcon
            beat={false}
            beatFade={false}
            border={false}
            bounce={false}
            className=""
            fade={false}
            fixedWidth={false}
            flip={null}
            icon={
              Array [
                "fas",
                "comment-alt",
              ]
            }
            inverse={false}
            listItem={false}
            mask={null}
            maskId={null}
            pull={null}
            pulse={false}
            rotation={null}
            shake={false}
            size="1x"
            spin={false}
            swapOpacity={false}
            symbol={false}
            title=""
            titleId={null}
            transform={null}
          />
        </span>
      </div>
      <p
        className="help"
        id="messageSubjectError"
      >
         
      </p>
    </div>
    <div
      className="field"
    >
      <label
        className="label"
        htmlFor="messageBody"
      >
        Message
      </label>
      <div
        className="control"
      >
        <textarea
          className="textarea"
          data-testid="messageBody"
          id="messageBody"
          name="messageBody"
          onChange={[Function]}
          placeholder="Send us your message here."
          required={true}
          rows={10}
          value=""
        />
      </div>
      <p
        className="help"
        id="messageBodyError"
      >
         
      </p>
    </div>
    <div
      className="field"
    >
      <div
        className="control"
      >
        <button
          className="button is-link is-outlined is-fullwidth"
          data-testid="form-submit"
          disabled={true}
          id="form-submit"
          type="submit"
        >
          <span
            className="icon"
          >
            <FontAwesomeIcon
              beat={false}
              beatFade={false}
              border={false}
              bounce={false}
              className=""
              fade={false}
              fixedWidth={false}
              flip={null}
              icon={
                Array [
                  "fas",
                  "paper-plane",
                ]
              }
              inverse={false}
              listItem={false}
              mask={null}
              maskId={null}
              pull="left"
              pulse={false}
              rotation={null}
              shake={false}
              size="1x"
              spin={false}
              swapOpacity={false}
              symbol={false}
              title=""
              titleId={null}
              transform={null}
            />
          </span>
          <span>
            Send Message
          </span>
        </button>
      </div>
    </div>
  </form>
</div>
`;
