// Jest Snapshot v1, https://goo.gl/fbAQLP

exports[`Footer should render without crashing 1`] = `
<Footer
  copyrightOwner="Inspiring Hope Church"
>
  <footer
    className="footer"
  >
    <a
      ButtonComponent={[Function]}
      acceptOnScroll={false}
      acceptOnScrollPercentage={25}
      ariaAcceptLabel="Accept cookies"
      ariaDeclineLabel="Decline cookies"
      buttonClasses=""
      buttonId="rcc-confirm-button"
      buttonText="Accept"
      buttonWrapperClasses=""
      containerClasses="CookieConsent"
      contentClasses=""
      cookieName="inspiring-hope-analytics"
      cookieValue={true}
      debug={false}
      declineButtonClasses=""
      declineButtonId="rcc-decline-button"
      declineButtonText="Decline"
      declineCookieValue={false}
      disableButtonStyles={false}
      disableStyles={false}
      enableDeclineButton={true}
      expires={365}
      extraCookieOptions={Object {}}
      flipButtons={false}
      hideOnAccept={true}
      hideOnDecline={true}
      location="bottom"
      onAccept={[Function]}
      onDecline={[Function]}
      overlay={false}
      overlayClasses=""
      sameSite="lax"
      setDeclineCookie={true}
      visible="byCookieValue"
    >
      <j
        condition={false}
        wrapper={[Function]}
      >
        <div
          className="CookieConsent"
          style={
            Object {
              "alignItems": "baseline",
              "background": "#353535",
              "bottom": "0",
              "color": "white",
              "display": "flex",
              "flexWrap": "wrap",
              "justifyContent": "space-between",
              "left": "0",
              "position": "fixed",
              "width": "100%",
              "zIndex": "999",
            }
          }
        >
          <div
            className=""
            style={
              Object {
                "flex": "1 0 300px",
                "margin": "15px",
              }
            }
          >
            <p>
              Our website would like to store cookies on your computer for the purpose of collecting analytics.
            </p>
            <p>
              If you decline, your information will not be provided to Google Analytics, and we will not be able to use it to improve our website.
            </p>
          </div>
          <div
            className=""
          >
            <ButtonComponent
              aria-label="Decline cookies"
              className=""
              id="rcc-decline-button"
              key="declineButton"
              onClick={[Function]}
              style={
                Object {
                  "background": "#c12a2a",
                  "border": "0",
                  "borderRadius": "0px",
                  "boxShadow": "none",
                  "color": "#e5e5e5",
                  "cursor": "pointer",
                  "flex": "0 0 auto",
                  "margin": "15px",
                  "padding": "5px 10px",
                }
              }
            >
              <button
                aria-label="Decline cookies"
                className=""
                id="rcc-decline-button"
                onClick={[Function]}
                style={
                  Object {
                    "background": "#c12a2a",
                    "border": "0",
                    "borderRadius": "0px",
                    "boxShadow": "none",
                    "color": "#e5e5e5",
                    "cursor": "pointer",
                    "flex": "0 0 auto",
                    "margin": "15px",
                    "padding": "5px 10px",
                  }
                }
              >
                Decline
              </button>
            </ButtonComponent>
            <ButtonComponent
              aria-label="Accept cookies"
              className=""
              id="rcc-confirm-button"
              key="acceptButton"
              onClick={[Function]}
              style={
                Object {
                  "background": "#ffd42d",
                  "border": "0",
                  "borderRadius": "0px",
                  "boxShadow": "none",
                  "color": "black",
                  "cursor": "pointer",
                  "flex": "0 0 auto",
                  "margin": "15px",
                  "padding": "5px 10px",
                }
              }
            >
              <button
                aria-label="Accept cookies"
                className=""
                id="rcc-confirm-button"
                onClick={[Function]}
                style={
                  Object {
                    "background": "#ffd42d",
                    "border": "0",
                    "borderRadius": "0px",
                    "boxShadow": "none",
                    "color": "black",
                    "cursor": "pointer",
                    "flex": "0 0 auto",
                    "margin": "15px",
                    "padding": "5px 10px",
                  }
                }
              >
                Accept
              </button>
            </ButtonComponent>
          </div>
        </div>
      </j>
    </a>
    <section
      className="copyright"
    >
      <div
        className="container columns is-vcentered content is-small"
      >
        <div
          className="column"
        >
          <p>
            © 
            Inspiring Hope Church
            . A church proudly serving Jesus in Hamilton, Ohio since 2020.
          </p>
        </div>
        <div
          className="column is-narrow"
        >
          <div
            className="navbar-end is-flex"
          >
            <a
              className="button is-primary is-outlined"
              href="https://www.facebook.com/inspiringhopechurch/"
              title="Link to Inspiring Hope Church facebook page"
            >
              <span
                className="icon"
              >
                <FontAwesomeIcon
                  beat={false}
                  beatFade={false}
                  border={false}
                  bounce={false}
                  className=""
                  fade={false}
                  fixedWidth={false}
                  flip={null}
                  icon={
                    Array [
                      "fab",
                      "facebook-f",
                    ]
                  }
                  inverse={false}
                  listItem={false}
                  mask={null}
                  maskId={null}
                  pull={null}
                  pulse={false}
                  rotation={null}
                  shake={false}
                  size={null}
                  spin={false}
                  swapOpacity={false}
                  symbol={false}
                  title=""
                  titleId={null}
                  transform={null}
                >
                  <svg
                    aria-hidden="true"
                    className="svg-inline--fa fa-facebook-f fa-w-10 "
                    data-icon="facebook-f"
                    data-prefix="fab"
                    focusable="false"
                    role="img"
                    style={Object {}}
                    viewBox="0 0 320 512"
                    xmlns="http://www.w3.org/2000/svg"
                  >
                    <path
                      d="M279.14 288l14.22-92.66h-88.91v-60.13c0-25.35 12.42-50.06 52.24-50.06h40.42V6.26S260.43 0 225.36 0c-73.22 0-121.08 44.38-121.08 124.72v70.62H22.89V288h81.39v224h100.17V288z"
                      fill="currentColor"
                      style={Object {}}
                    />
                  </svg>
                </FontAwesomeIcon>
              </span>
            </a>
            <a
              className="navbar-item is-sr-only"
              href="/sitemap.xml"
              title="XML Sitemap"
            >
              Sitemap
            </a>
            <a
              className="navbar-item"
              href="/feed.xml"
              title="XML RSS Feed"
            >
              RSS
            </a>
            <a
              className="navbar-item"
              href="/feed.json"
              title="JSON Feed"
            >
              JSON
            </a>
            <a
              className="navbar-item"
              href="//orbitsolutions.dev"
            >
              Made by ORB IT Solutions.
            </a>
          </div>
        </div>
      </div>
    </section>
  </footer>
</Footer>
`;
