// Jest Snapshot v1, https://goo.gl/fbAQLP

exports[`Header should render without crashing 1`] = `
<header>
  <nav
    aria-label="main navigation"
    className="navbar is-fixed-top"
    role="navigation"
  >
    <div
      className="container px-2"
    >
      <div
        className="navbar-brand"
      >
        <mockConstructor
          className="navbar-item"
          data-testid="logo-link"
          state={
            Object {
              "prevPath": "/",
            }
          }
          to="/"
        >
          <svg
            fill="#58cadd"
            viewBox="0 0 2892 4200"
            xmlns="http://www.w3.org/2000/svg"
          >
            <title>
              Inspiring Hope Church Icon
            </title>
            <path
              d="M1766 1515V0h-640v1053l640 462zM640 702V0H0v240l640 462zm486 663v1978a263 263 0 00100 208l484 374a33 33 0 0053-26V1827zM0 552v2494a265 265 0 00100 209l485 374a33 33 0 0055-29V1014zM2252 0v1800a33 33 0 01-52 27l-434-314v312l377 275a261 261 0 01109 213v1300a260 260 0 00100 208l484 374a33 33 0 0053-26V0z"
            />
          </svg>
        </mockConstructor>
        <button
          aria-expanded="false"
          aria-label="menu"
          className="navbar-burger "
          data-target="nav-menu"
          onClick={[Function]}
        >
          <span
            aria-hidden="true"
          />
          <span
            aria-hidden="true"
          />
          <span
            aria-hidden="true"
          />
        </button>
      </div>
      <div
        className="navbar-menu "
        id="nav-menu"
      >
        <div
          className="navbar-start"
          onClick={[Function]}
          onKeyPress={[Function]}
          role="none"
        >
          <mockConstructor
            className="navbar-item is-active-page"
            state={
              Object {
                "prevPath": "/",
              }
            }
            to="/"
          >
            Home
          </mockConstructor>
          <mockConstructor
            className="navbar-item has-text-weight-bold "
            state={
              Object {
                "prevPath": "/",
              }
            }
            to="/events/easter-sunday-2022"
          >
            Easter 2022
          </mockConstructor>
          <mockConstructor
            className="navbar-item "
            state={
              Object {
                "prevPath": "/",
              }
            }
            to="/get-connected"
          >
            Get Connected
          </mockConstructor>
          <div
            className="navbar-item  has-dropdown is-hoverable"
          >
            <mockConstructor
              className="navbar-link"
              state={
                Object {
                  "prevPath": "/",
                }
              }
              to="/about"
            >
              About Us
            </mockConstructor>
            <div
              className="navbar-dropdown"
            >
              <mockConstructor
                className="navbar-item"
                state={
                  Object {
                    "prevPath": "/",
                  }
                }
                to="/about"
              >
                Who We Are
              </mockConstructor>
              <mockConstructor
                className="navbar-item"
                state={
                  Object {
                    "prevPath": "/",
                  }
                }
                to="/about/beliefs"
              >
                Our Beliefs
              </mockConstructor>
              <mockConstructor
                className="navbar-item"
                state={
                  Object {
                    "prevPath": "/",
                  }
                }
                to="/about/mission"
              >
                Our Mission
              </mockConstructor>
              <mockConstructor
                className="navbar-item"
                state={
                  Object {
                    "prevPath": "/",
                  }
                }
                to="/about/partners"
              >
                Our Partners
              </mockConstructor>
            </div>
          </div>
          <mockConstructor
            className="navbar-item "
            state={
              Object {
                "prevPath": "/",
              }
            }
            to="/watch"
          >
            Watch
          </mockConstructor>
          <mockConstructor
            className="navbar-item "
            state={
              Object {
                "prevPath": "/",
              }
            }
            to="/blog"
          >
            Blog
          </mockConstructor>
          <mockConstructor
            className="navbar-item "
            state={
              Object {
                "prevPath": "/",
              }
            }
            to="/contact"
          >
            Contact
          </mockConstructor>
        </div>
        <div
          className="navbar-end"
          onClick={[Function]}
          onKeyPress={[Function]}
          role="none"
        >
          <mockConstructor
            className="navbar-item "
            state={
              Object {
                "prevPath": "/",
              }
            }
            to="/give"
          >
            Give
          </mockConstructor>
        </div>
      </div>
    </div>
  </nav>
</header>
`;
